// Jest Snapshot v1, https://goo.gl/fbAQLP

exports[`getTrackedFiles() should get a list of files 1`] = `
Array [
  ".eslintignore",
  ".eslintrc.js",
  ".gitignore",
  "LICENSE",
  "lerna.json",
  "package-lock.json",
  "package.json",
  "packages/get-dependencies/jest.config.js",
  "packages/get-dependencies/package-lock.json",
  "packages/get-dependencies/package.json",
  "packages/get-dependencies/src/constants.ts",
  "packages/get-dependencies/src/es6Detect/depsFromExportAll.ts",
  "packages/get-dependencies/src/es6Detect/depsFromExportNamed.ts",
  "packages/get-dependencies/src/es6Detect/exportSpecifier2Dependents.ts",
  "packages/get-dependencies/src/es6Detect/getExports.ts",
  "packages/get-dependencies/src/es6Detect/getPatternIdentifiers.ts",
  "packages/get-dependencies/src/es6Detect/importSpecifier2Dependents.ts",
  "packages/get-dependencies/src/es6Detect/index.ts",
  "packages/get-dependencies/src/filterDependents.ts",
  "packages/get-dependencies/src/index.ts",
  "packages/get-dependencies/src/isCore.ts",
  "packages/get-dependencies/src/isRealFile.ts",
  "packages/get-dependencies/src/isThirdParty.ts",
  "packages/get-dependencies/src/markDependents.ts",
  "packages/get-dependencies/src/markExports.ts",
  "packages/get-dependencies/src/replaceAlias.ts",
  "packages/get-dependencies/src/resolveModulePath.ts",
  "packages/get-dependencies/src/types/index.ts",
  "packages/get-dependencies/test/__fixtures__/cant-resolve/broken.js",
  "packages/get-dependencies/test/__fixtures__/deepAst/funcUsePrivates.js",
  "packages/get-dependencies/test/__fixtures__/deepAst/funcUsePrivates2.js",
  "packages/get-dependencies/test/__fixtures__/deepAst/valueUsePrivates.js",
  "packages/get-dependencies/test/__fixtures__/deepAst/valueUsePrivates2.js",
  "packages/get-dependencies/test/__fixtures__/exports/exportAllFrom.js",
  "packages/get-dependencies/test/__fixtures__/exports/exportDefault.js",
  "packages/get-dependencies/test/__fixtures__/exports/exportDefaultAliasFrom.js",
  "packages/get-dependencies/test/__fixtures__/exports/exportDefaultFuncAlias.js",
  "packages/get-dependencies/test/__fixtures__/exports/exportDefaultValueAlias.js",
  "packages/get-dependencies/test/__fixtures__/exports/exportFunc.js",
  "packages/get-dependencies/test/__fixtures__/exports/exportFuncAlias.js",
  "packages/get-dependencies/test/__fixtures__/exports/exportNamed.js",
  "packages/get-dependencies/test/__fixtures__/exports/exportNamedFrom.js",
  "packages/get-dependencies/test/__fixtures__/exports/exportValueAlias.js",
  "packages/get-dependencies/test/__fixtures__/exports/noExports.js",
  "packages/get-dependencies/test/__fixtures__/imports/base.js",
  "packages/get-dependencies/test/__fixtures__/imports/importAlias.js",
  "packages/get-dependencies/test/__fixtures__/imports/importAll.js",
  "packages/get-dependencies/test/__fixtures__/imports/importDefault.js",
  "packages/get-dependencies/test/__fixtures__/imports/importNamed.js",
  "packages/get-dependencies/test/__fixtures__/imports/noImports.js",
  "packages/get-dependencies/test/__fixtures__/imports/require.js",
  "packages/get-dependencies/test/__fixtures__/module-alias/a.js",
  "packages/get-dependencies/test/__fixtures__/module-alias/unrelated-folder.js",
  "packages/get-dependencies/test/__fixtures__/module-alias/unrelated-name.js",
  "packages/get-dependencies/test/__fixtures__/module-directory/a.js",
  "packages/get-dependencies/test/__fixtures__/module-directory/b.js",
  "packages/get-dependencies/test/__snapshots__/filterDependents.test.ts.snap",
  "packages/get-dependencies/test/__snapshots__/getEs6Dependents.test.ts.snap",
  "packages/get-dependencies/test/__snapshots__/markDependents.test.ts.snap",
  "packages/get-dependencies/test/__snapshots__/markExports.test.ts.snap",
  "packages/get-dependencies/test/filterDependents.test.ts",
  "packages/get-dependencies/test/getEs6Dependents.test.ts",
  "packages/get-dependencies/test/markDependents.test.ts",
  "packages/get-dependencies/test/markExports.test.ts",
  "packages/get-dependencies/tsconfig.json",
  "prettier.config.js",
  "tsconfig.json",
]
`;
