// Jest Snapshot v1, https://goo.gl/fbAQLP

exports[`filterDependents() filter extensions 1`] = `
Array [
  "/imports/importCss.js",
]
`;
