// Jest Snapshot v1, https://goo.gl/fbAQLP

exports[`debug mono repo fileDepMap 1`] = `
Map {
  "./huntAffected" => Map {
    "default" => Array [
      Object {
        "name": "default",
        "source": "../../src/index.ts",
      },
    ],
  },
  "./fileDepMap" => Map {
    "default" => Array [
      Object {
        "name": "fileDepMap",
        "source": "../../src/index.ts",
      },
    ],
  },
  "./mergeDepMap" => Map {
    "default" => Array [
      Object {
        "name": "mergeDepMap",
        "source": "../../src/index.ts",
      },
    ],
  },
  "./visitDepMap" => Map {
    "default" => Array [
      Object {
        "name": "visitDepMap",
        "source": "../../src/index.ts",
      },
    ],
    "Visited" => Array [
      Object {
        "name": "Affected",
        "source": "../../src/index.ts",
      },
    ],
  },
  "../../src/index.ts" => Map {
    "fileDepMap" => Array [],
    "mergeDepMap" => Array [],
    "visitDepMap" => Array [],
    "Affected" => Array [],
    "default" => Array [],
  },
}
`;
